[]
["hello"]
"world"
null
{"year": 2024, "name": "bobkonf"}
["hello", "world"]
["world", "hello"]
